    1  17:43:32.511457 PTPv2, majorSdoId : 0x0, msg type : management msg, length : 72, domain : 0, reserved1 : 0, Flags [none], NS correction : 0, sub NS correction : 0, reserved2 : 0, clock identity : 0xfffe000011, port id : 1, seq id : 0, control : 4 (Management), log message interval : 127, port identity : 0xffffffffffffffff, port id : 65535, start boundary hops : 3, boundary hops : 3, flags : 0x0, reserved : 0x0
    2  17:43:32.511536 PTPv2, majorSdoId : 0x0, msg type : management msg, length : 72, domain : 0, reserved1 : 0, Flags [none], NS correction : 0, sub NS correction : 0, reserved2 : 0, clock identity : 0xfffe000012, port id : 1, seq id : 0, control : 4 (Management), log message interval : 127, port identity : 0xfffe000011, port id : 1, start boundary hops : 1, boundary hops : 1, flags : 0x2, reserved : 0x0
    3  17:43:37.163346 PTPv2, majorSdoId : 0x0, msg type : management msg, length : 80, domain : 0, reserved1 : 0, Flags [none], NS correction : 0, sub NS correction : 0, reserved2 : 0, clock identity : 0xfffe000011, port id : 1, seq id : 0, control : 4 (Management), log message interval : 127, port identity : 0xffffffffffffffff, port id : 65535, start boundary hops : 3, boundary hops : 3, flags : 0x0, reserved : 0x0
    4  17:43:37.163451 PTPv2, majorSdoId : 0x0, msg type : management msg, length : 80, domain : 0, reserved1 : 0, Flags [none], NS correction : 0, sub NS correction : 0, reserved2 : 0, clock identity : 0xfffe000012, port id : 1, seq id : 0, control : 4 (Management), log message interval : 127, port identity : 0xfffe000011, port id : 1, start boundary hops : 1, boundary hops : 1, flags : 0x2, reserved : 0x0
    5  17:43:43.851480 PTPv2, majorSdoId : 0x0, msg type : management msg, length : 74, domain : 0, reserved1 : 0, Flags [none], NS correction : 0, sub NS correction : 0, reserved2 : 0, clock identity : 0xfffe000011, port id : 1, seq id : 0, control : 4 (Management), log message interval : 127, port identity : 0xffffffffffffffff, port id : 65535, start boundary hops : 3, boundary hops : 3, flags : 0x0, reserved : 0x0
    6  17:43:43.851563 PTPv2, majorSdoId : 0x0, msg type : management msg, length : 74, domain : 0, reserved1 : 0, Flags [none], NS correction : 0, sub NS correction : 0, reserved2 : 0, clock identity : 0xfffe000012, port id : 1, seq id : 0, control : 4 (Management), log message interval : 127, port identity : 0xfffe000011, port id : 1, start boundary hops : 1, boundary hops : 1, flags : 0x2, reserved : 0x0
    7  17:43:56.383490 PTPv2, majorSdoId : 0x0, msg type : management msg, length : 86, domain : 0, reserved1 : 0, Flags [none], NS correction : 0, sub NS correction : 0, reserved2 : 0, clock identity : 0xfffe000011, port id : 1, seq id : 0, control : 4 (Management), log message interval : 127, port identity : 0xffffffffffffffff, port id : 65535, start boundary hops : 3, boundary hops : 3, flags : 0x0, reserved : 0x0
    8  17:43:56.383627 PTPv2, majorSdoId : 0x0, msg type : management msg, length : 86, domain : 0, reserved1 : 0, Flags [none], NS correction : 0, sub NS correction : 0, reserved2 : 0, clock identity : 0xfffe000012, port id : 1, seq id : 0, control : 4 (Management), log message interval : 127, port identity : 0xfffe000011, port id : 1, start boundary hops : 1, boundary hops : 1, flags : 0x2, reserved : 0x0
    9  17:44:09.031444 PTPv2, majorSdoId : 0x0, msg type : management msg, length : 76, domain : 0, reserved1 : 0, Flags [none], NS correction : 0, sub NS correction : 0, reserved2 : 0, clock identity : 0xfffe000011, port id : 1, seq id : 0, control : 4 (Management), log message interval : 127, port identity : 0xffffffffffffffff, port id : 65535, start boundary hops : 3, boundary hops : 3, flags : 0x0, reserved : 0x0
   10  17:44:09.031526 PTPv2, majorSdoId : 0x0, msg type : management msg, length : 102, domain : 0, reserved1 : 0, Flags [none], NS correction : 0, sub NS correction : 0, reserved2 : 0, clock identity : 0xfffe000012, port id : 1, seq id : 0, control : 4 (Management), log message interval : 127, port identity : 0xfffe000011, port id : 1, start boundary hops : 1, boundary hops : 1, flags : 0x2, reserved : 0x0
